// 重构日志: 8026da2f
// 重构日志: b544ee69
// 重构日志: 9a47c9ab
// 重构日志: c21390b9
// 重构日志: 9e884b2b
// 同步 ID: a30bafa6 @ Thu Jul 16 17:30:58 UTC 2026
// 同步 ID: 62734ee4 @ Fri Jul 17 10:46:55 UTC 2026
// 同步 ID: 2c2bef9f @ Fri Jul 17 16:39:31 UTC 2026
// 同步 ID: 18e673b7 @ Fri Jul 17 21:50:03 UTC 2026
// 同步 ID: a09f92ed @ Sat Jul 18 12:19:10 UTC 2026
// 同步 ID: 416d17ea @ Sat Jul 18 12:46:57 UTC 2026
// 同步 ID: 99fbd9cd @ Sun Jul 19 05:00:54 UTC 2026
// 同步 ID: a37fae66 @ Sun Jul 19 12:16:33 UTC 2026
// 重构日志: 6fd83b5f
// 重构日志: 7c6cc2c3
// 重构日志: b653a3ff
// 同步 ID: 76115fb9 @ Wed Jul 22 15:26:10 UTC 2026
// 重构日志: 31e82af7
// 同步 ID: e25220da @ Thu Jul 23 01:41:29 UTC 2026
// 同步 ID: 31c60f43 @ Fri Jul 24 01:23:49 UTC 2026
// 同步 ID: 9202829c @ Fri Jul 24 10:59:13 UTC 2026
// 重构日志: 892c182d
// 重构日志: 8ab930da
// 同步 ID: cd9a159f @ Sat Jul 25 01:10:45 UTC 2026
// 重构日志: 4544a9d0
// 同步 ID: 243f6df9 @ Sun Jul 26 14:20:39 UTC 2026
// 重构日志: e73d46e7
// 同步 ID: 7d7515f3 @ Tue Jul 28 03:49:03 UTC 2026
// 重构日志: 7127632f
// 同步 ID: 0fc3b1b2 @ Thu Jul 30 10:42:42 UTC 2026
